// Jest Snapshot v1, https://goo.gl/fbAQLP

exports[`todo/TodoList should render component 1`] = `
<div
  class="jsx-a681a50b99b62f37 container"
>
  <div
    class="jsx-a681a50b99b62f37 row"
  >
    <div
      class="jsx-a681a50b99b62f37 col-md-12"
    >
      <h1
        class="jsx-a681a50b99b62f37"
      >
        Todo List
      </h1>
    </div>
    <div
      class="col-md-12"
    >
      <div
        class="form-inline"
      >
        <div
          class="form-group"
        >
          <input
            class="form-control"
            placeholder="Todo"
            type="text"
          />
        </div>
        <button
          class="btn btn-success"
          type="button"
        >
          Add Todo
        </button>
      </div>
    </div>
    <div
      class="jsx-a681a50b99b62f37 col-md-12"
    >
      <table
        class="jsx-a681a50b99b62f37 table"
      >
        <tbody
          class="jsx-a681a50b99b62f37"
        >
          <tr>
            <td>
              <span>
                1
              </span>
            </td>
            <td>
              <span>
                Todo 1
              </span>
            </td>
            <td>
              <button
                class="btn btn-xs btn-success"
                type="button"
              >
                <svg
                  class="bi bi-check"
                  fill="currentColor"
                  height="1em"
                  viewBox="0 0 16 16"
                  width="1em"
                  xmlns="http://www.w3.org/2000/svg"
                >
                  <path
                    clip-rule="evenodd"
                    d="M13.854 3.646a.5.5 0 010 .708l-7 7a.5.5 0 01-.708 0l-3.5-3.5a.5.5 0 11.708-.708L6.5 10.293l6.646-6.647a.5.5 0 01.708 0z"
                    fill-rule="evenodd"
                  />
                </svg>
              </button>
            </td>
            <td>
              <button
                class="btn btn-xs btn-danger"
                type="button"
              >
                <svg
                  class="bi bi-trash"
                  fill="currentColor"
                  height="1em"
                  viewBox="0 0 16 16"
                  width="1em"
                  xmlns="http://www.w3.org/2000/svg"
                >
                  <path
                    d="M5.5 5.5A.5.5 0 016 6v6a.5.5 0 01-1 0V6a.5.5 0 01.5-.5zm2.5 0a.5.5 0 01.5.5v6a.5.5 0 01-1 0V6a.5.5 0 01.5-.5zm3 .5a.5.5 0 00-1 0v6a.5.5 0 001 0V6z"
                  />
                  <path
                    clip-rule="evenodd"
                    d="M14.5 3a1 1 0 01-1 1H13v9a2 2 0 01-2 2H5a2 2 0 01-2-2V4h-.5a1 1 0 01-1-1V2a1 1 0 011-1H6a1 1 0 011-1h2a1 1 0 011 1h3.5a1 1 0 011 1v1zM4.118 4L4 4.059V13a1 1 0 001 1h6a1 1 0 001-1V4.059L11.882 4H4.118zM2.5 3V2h11v1h-11z"
                    fill-rule="evenodd"
                  />
                </svg>
              </button>
            </td>
          </tr>
          <tr>
            <td>
              <span>
                2
              </span>
            </td>
            <td>
              <span>
                Todo 2
              </span>
            </td>
            <td>
              <button
                class="btn btn-xs btn-success"
                type="button"
              >
                <svg
                  class="bi bi-check"
                  fill="currentColor"
                  height="1em"
                  viewBox="0 0 16 16"
                  width="1em"
                  xmlns="http://www.w3.org/2000/svg"
                >
                  <path
                    clip-rule="evenodd"
                    d="M13.854 3.646a.5.5 0 010 .708l-7 7a.5.5 0 01-.708 0l-3.5-3.5a.5.5 0 11.708-.708L6.5 10.293l6.646-6.647a.5.5 0 01.708 0z"
                    fill-rule="evenodd"
                  />
                </svg>
              </button>
            </td>
            <td>
              <button
                class="btn btn-xs btn-danger"
                type="button"
              >
                <svg
                  class="bi bi-trash"
                  fill="currentColor"
                  height="1em"
                  viewBox="0 0 16 16"
                  width="1em"
                  xmlns="http://www.w3.org/2000/svg"
                >
                  <path
                    d="M5.5 5.5A.5.5 0 016 6v6a.5.5 0 01-1 0V6a.5.5 0 01.5-.5zm2.5 0a.5.5 0 01.5.5v6a.5.5 0 01-1 0V6a.5.5 0 01.5-.5zm3 .5a.5.5 0 00-1 0v6a.5.5 0 001 0V6z"
                  />
                  <path
                    clip-rule="evenodd"
                    d="M14.5 3a1 1 0 01-1 1H13v9a2 2 0 01-2 2H5a2 2 0 01-2-2V4h-.5a1 1 0 01-1-1V2a1 1 0 011-1H6a1 1 0 011-1h2a1 1 0 011 1h3.5a1 1 0 011 1v1zM4.118 4L4 4.059V13a1 1 0 001 1h6a1 1 0 001-1V4.059L11.882 4H4.118zM2.5 3V2h11v1h-11z"
                    fill-rule="evenodd"
                  />
                </svg>
              </button>
            </td>
          </tr>
          <tr>
            <td>
              <span>
                3
              </span>
            </td>
            <td>
              <span>
                Todo 3
              </span>
            </td>
            <td>
              <button
                class="btn btn-xs btn-success"
                type="button"
              >
                <svg
                  class="bi bi-check"
                  fill="currentColor"
                  height="1em"
                  viewBox="0 0 16 16"
                  width="1em"
                  xmlns="http://www.w3.org/2000/svg"
                >
                  <path
                    clip-rule="evenodd"
                    d="M13.854 3.646a.5.5 0 010 .708l-7 7a.5.5 0 01-.708 0l-3.5-3.5a.5.5 0 11.708-.708L6.5 10.293l6.646-6.647a.5.5 0 01.708 0z"
                    fill-rule="evenodd"
                  />
                </svg>
              </button>
            </td>
            <td>
              <button
                class="btn btn-xs btn-danger"
                type="button"
              >
                <svg
                  class="bi bi-trash"
                  fill="currentColor"
                  height="1em"
                  viewBox="0 0 16 16"
                  width="1em"
                  xmlns="http://www.w3.org/2000/svg"
                >
                  <path
                    d="M5.5 5.5A.5.5 0 016 6v6a.5.5 0 01-1 0V6a.5.5 0 01.5-.5zm2.5 0a.5.5 0 01.5.5v6a.5.5 0 01-1 0V6a.5.5 0 01.5-.5zm3 .5a.5.5 0 00-1 0v6a.5.5 0 001 0V6z"
                  />
                  <path
                    clip-rule="evenodd"
                    d="M14.5 3a1 1 0 01-1 1H13v9a2 2 0 01-2 2H5a2 2 0 01-2-2V4h-.5a1 1 0 01-1-1V2a1 1 0 011-1H6a1 1 0 011-1h2a1 1 0 011 1h3.5a1 1 0 011 1v1zM4.118 4L4 4.059V13a1 1 0 001 1h6a1 1 0 001-1V4.059L11.882 4H4.118zM2.5 3V2h11v1h-11z"
                    fill-rule="evenodd"
                  />
                </svg>
              </button>
            </td>
          </tr>
          <tr>
            <td>
              <span>
                4
              </span>
            </td>
            <td>
              <span>
                Todo 4
              </span>
            </td>
            <td>
              <button
                class="btn btn-xs btn-success"
                type="button"
              >
                <svg
                  class="bi bi-check"
                  fill="currentColor"
                  height="1em"
                  viewBox="0 0 16 16"
                  width="1em"
                  xmlns="http://www.w3.org/2000/svg"
                >
                  <path
                    clip-rule="evenodd"
                    d="M13.854 3.646a.5.5 0 010 .708l-7 7a.5.5 0 01-.708 0l-3.5-3.5a.5.5 0 11.708-.708L6.5 10.293l6.646-6.647a.5.5 0 01.708 0z"
                    fill-rule="evenodd"
                  />
                </svg>
              </button>
            </td>
            <td>
              <button
                class="btn btn-xs btn-danger"
                type="button"
              >
                <svg
                  class="bi bi-trash"
                  fill="currentColor"
                  height="1em"
                  viewBox="0 0 16 16"
                  width="1em"
                  xmlns="http://www.w3.org/2000/svg"
                >
                  <path
                    d="M5.5 5.5A.5.5 0 016 6v6a.5.5 0 01-1 0V6a.5.5 0 01.5-.5zm2.5 0a.5.5 0 01.5.5v6a.5.5 0 01-1 0V6a.5.5 0 01.5-.5zm3 .5a.5.5 0 00-1 0v6a.5.5 0 001 0V6z"
                  />
                  <path
                    clip-rule="evenodd"
                    d="M14.5 3a1 1 0 01-1 1H13v9a2 2 0 01-2 2H5a2 2 0 01-2-2V4h-.5a1 1 0 01-1-1V2a1 1 0 011-1H6a1 1 0 011-1h2a1 1 0 011 1h3.5a1 1 0 011 1v1zM4.118 4L4 4.059V13a1 1 0 001 1h6a1 1 0 001-1V4.059L11.882 4H4.118zM2.5 3V2h11v1h-11z"
                    fill-rule="evenodd"
                  />
                </svg>
              </button>
            </td>
          </tr>
        </tbody>
      </table>
    </div>
    <div
      class="jsx-a681a50b99b62f37 col-md-12"
    >
      <a
        class="jsx-a681a50b99b62f37"
        href="/static-page"
      >
        Go to static page
      </a>
    </div>
  </div>
</div>
`;
